// Jest Snapshot v1, https://goo.gl/fbAQLP

exports[`Form components should show transaction 1`] = `
<TransactionWrapper>
  <form
    onSubmit={[Function]}
  >
    <Row>
      <Input
        name="date"
        onChange={[Function]}
        type="date"
        value="2021-04-24"
      />
      <Input
        name="value"
        onChange={[Function]}
        placeholder="Sum"
        type="number"
        value={Array []}
      />
    </Row>
    <Row>
      <Comment
        name="comment"
        onChange={[Function]}
        value=""
      />
      <Button>
        Save
      </Button>
    </Row>
  </form>
</TransactionWrapper>
`;

exports[`Form components when edit form should show transaction 1`] = `
<TransactionWrapper>
  <form
    onSubmit={[Function]}
  >
    <Row>
      <Input
        name="date"
        onChange={[Function]}
        type="date"
        value="2021-04-24"
      />
      <Input
        name="value"
        onChange={[Function]}
        placeholder="Sum"
        type="number"
        value={Array []}
      />
    </Row>
    <Row>
      <Comment
        name="comment"
        onChange={[Function]}
        value=""
      />
      <Button>
        Save
      </Button>
    </Row>
  </form>
</TransactionWrapper>
`;

exports[`Transaction components should show transaction 1`] = `
<TransactionWrapper>
  <form
    onSubmit={[Function]}
  >
    <Row>
      <Input
        name="date"
        onChange={[Function]}
        type="date"
        value="2021-04-24"
      />
      <Input
        name="value"
        onChange={[Function]}
        placeholder="Sum"
        type="number"
        value={Array []}
      />
    </Row>
    <Row>
      <Comment
        name="comment"
        onChange={[Function]}
        value=""
      />
      <Button>
        Save
      </Button>
    </Row>
  </form>
</TransactionWrapper>
`;
